// Jest Snapshot v1, https://goo.gl/fbAQLP

exports[`App container renders correct content 1`] = `ShallowWrapper {}`;
