// Jest Snapshot v1, https://goo.gl/fbAQLP

exports[`TodosList component renders correct UI 1`] = `ShallowWrapper {}`;
